
> apna-bazar@0.1.0 build
> next build

▲ Next.js 16.3.3 (Turbopack)
- Environments: .env.local
✓ Running next.config.ts took 28ms

⚠ The "middleware" file convention is deprecated. Please use "proxy" instead.

  To migrate automatically, run:
  npx @next/codemod@canary middleware-to-proxy .

  Learn more: https://nextjs.org/docs/messages/middleware-to-proxy
  Creating an optimized production build ...
✓ Compiled successfully in 707ms
  Running TypeScript ...
  Finished TypeScript in 1652ms ...
  Collecting page data using 15 workers ...
  Generating static pages using 15 workers (0/20) ...
  Generating static pages using 15 workers (5/20) 
  Generating static pages using 15 workers (10/20) 
  Generating static pages using 15 workers (15/20) 
✓ Generating static pages using 15 workers (20/20) in 465ms
  Finalizing page optimization ...

Route (app)
┌ ƒ /
├ ○ /_not-found
├ ○ /account
├ ƒ /admin
├ ƒ /admin/login
├ ƒ /admin/orders
├ ƒ /admin/products
├ ƒ /api/addresses
├ ƒ /api/auth/send-otp
├ ƒ /api/auth/verify-otp
├ ƒ /api/categories
├ ƒ /api/checkout
├ ƒ /api/payments/verify
├ ƒ /api/payments/webhook
├ ƒ /api/products
├ ○ /cart
├ ƒ /categories
├ ƒ /categories/[slug]
├ ○ /checkout
└ ƒ /products/[slug]


ƒ Proxy (Middleware)

○  (Static)   prerendered as static content
ƒ  (Dynamic)  server-rendered on demand

