⚠ The "middleware" file convention is deprecated. Please use "proxy" instead.

  To migrate automatically, run:
  npx @next/codemod@canary middleware-to-proxy .

  Learn more: https://nextjs.org/docs/messages/middleware-to-proxy

> Build error occurred
Error: Turbopack build failed with 1 error:
./src/app/globals.css
Error: Error evaluating Node.js code
CssSyntaxError: tailwindcss: C:\Users\CROMA\Desktop\new project\apna-bazar\src\app\globals.css:1:1: Cannot apply unknown utility class `shadow-[0_-4px_20px_rgba(0,`
    at Input.error (node_modules/postcss/lib/input.js:135:16) [C:\Users\CROMA\Desktop\new project\apna-bazar\.next\build\chunks\node_modules_20v-8wl._.js:919:22]
    at error (node_modules/postcss/lib/node.js:166:32) [C:\Users\CROMA\Desktop\new project\apna-bazar\.next\build\chunks\node_modules_20v-8wl._.js:2272:38]
    [at Object.Once (C:\Users\CROMA\Desktop\new project\apna-bazar\node_modules\@tailwindcss\postcss\dist\index.js:10:7013)]
    at async LazyResult.runAsync (node_modules/postcss/lib/lazy-result.js:299:11) [C:\Users\CROMA\Desktop\new project\apna-bazar\.next\build\chunks\node_modules_20v-8wl._.js:1323:21]
    at async transform (turbopack:///[turbopack-node]/transforms/postcss.ts?config=[project]/postcss.config.mjs:70:34) [C:\Users\CROMA\Desktop\new project\apna-bazar\.next\build\chunks\[root-of-the-server]__1kki86f._.js:98:36]
    at async run (turbopack:///[turbopack-node]/child_process/evaluate.ts:89:23) [C:\Users\CROMA\Desktop\new project\apna-bazar\.next\build\chunks\[root-of-the-server]__05i36w1._.js:73:31]

Import trace:
  Client Component Browser:
    ./src/app/globals.css [Client Component Browser]
    ./src/app/layout.tsx [Server Component]


    at async transform (turbopack:///[turbopack-node]/transforms/postcss.ts?config=[project]/postcss.config.mjs:70:34) [C:\Users\CROMA\Desktop\new project\apna-bazar\.next\build\chunks\[root-of-the-server]__1kki86f._.js:98:36])
    at async run (turbopack:///[turbopack-node]/child_process/evaluate.ts:89:23) [C:\Users\CROMA\Desktop\new project\apna-bazar\.next\build\chunks\[root-of-the-server]__05i36w1._.js:73:31])
▲ Next.js 16.3.3 (Turbopack)
- Environments: .env.local
✓ Running next.config.ts took 28ms

  Creating an optimized production build ...
