.next/dev/types/validator.ts(343,1): error TS1128: Declaration or statement expected.
